- Use [1myarn[0m to avoid accidentally running code from un-installed packages
